../Core/Src/lidar_X2_driver.c:24:6:lidar_init	8	static
../Core/Src/lidar_X2_driver.c:30:6:lidar_process	1592	static
../Core/Src/lidar_X2_driver.c:41:15:lidar_DataProcessing	40	static
../Core/Src/lidar_X2_driver.c:54:5:readTrame	16	static
../Core/Src/lidar_X2_driver.c:112:7:lidar_calculatingDistance	32	static
../Core/Src/lidar_X2_driver.c:124:7:lidar_calculatingAngle	48	static
../Core/Src/lidar_X2_driver.c:146:5:lidar_checksum	24	static
../Core/Src/lidar_X2_driver.c:155:15:lidar_extractDataFromTrame	816	static
