../Core/Src/stm32g4xx_it.c:73:6:NMI_Handler	4	static
../Core/Src/stm32g4xx_it.c:88:6:HardFault_Handler	4	static
../Core/Src/stm32g4xx_it.c:103:6:MemManage_Handler	4	static
../Core/Src/stm32g4xx_it.c:118:6:BusFault_Handler	4	static
../Core/Src/stm32g4xx_it.c:133:6:UsageFault_Handler	4	static
../Core/Src/stm32g4xx_it.c:148:6:DebugMon_Handler	4	static
../Core/Src/stm32g4xx_it.c:168:6:RCC_IRQHandler	4	static
../Core/Src/stm32g4xx_it.c:181:6:EXTI2_IRQHandler	8	static
../Core/Src/stm32g4xx_it.c:195:6:EXTI3_IRQHandler	8	static
../Core/Src/stm32g4xx_it.c:209:6:DMA1_Channel1_IRQHandler	8	static
../Core/Src/stm32g4xx_it.c:223:6:EXTI9_5_IRQHandler	8	static
../Core/Src/stm32g4xx_it.c:239:6:USART3_IRQHandler	8	static
../Core/Src/stm32g4xx_it.c:253:6:UART4_IRQHandler	8	static
../Core/Src/stm32g4xx_it.c:267:6:TIM6_DAC_IRQHandler	8	static
