../Core/Src/stm32g4xx_it.c:73:6:NMI_Handler	4	static
../Core/Src/stm32g4xx_it.c:88:6:HardFault_Handler	4	static
../Core/Src/stm32g4xx_it.c:103:6:MemManage_Handler	4	static
../Core/Src/stm32g4xx_it.c:118:6:BusFault_Handler	4	static
../Core/Src/stm32g4xx_it.c:133:6:UsageFault_Handler	4	static
../Core/Src/stm32g4xx_it.c:148:6:DebugMon_Handler	4	static
../Core/Src/stm32g4xx_it.c:168:6:EXTI2_IRQHandler	8	static
../Core/Src/stm32g4xx_it.c:182:6:EXTI3_IRQHandler	8	static
../Core/Src/stm32g4xx_it.c:196:6:DMA1_Channel1_IRQHandler	8	static
../Core/Src/stm32g4xx_it.c:210:6:EXTI9_5_IRQHandler	8	static
../Core/Src/stm32g4xx_it.c:226:6:USART3_IRQHandler	8	static
../Core/Src/stm32g4xx_it.c:240:6:UART4_IRQHandler	8	static
../Core/Src/stm32g4xx_it.c:254:6:TIM6_DAC_IRQHandler	8	static
